// Jest Snapshot v1, https://goo.gl/fbAQLP

exports[`Text Match snapshot 1`] = `
<p
  className="text text--description"
>
  Hello world
</p>
`;
