// Jest Snapshot v1, https://goo.gl/fbAQLP

exports[`Text Match snapshot 1`] = `
<div>
  <p
    class="text text--description"
  >
    Hello world
  </p>
</div>
`;
